#
# There is insufficient memory for the Java Runtime Environment to continue.
# Native memory allocation (malloc) failed to allocate 205216 bytes. Error detail: Chunk::new
# Possible reasons:
#   The system is out of physical RAM or swap space
#   This process is running with CompressedOops enabled, and the Java Heap may be blocking the growth of the native heap
# Possible solutions:
#   Reduce memory load on the system
#   Increase physical memory or swap space
#   Check if swap backing store is full
#   Decrease Java heap size (-Xmx/-Xms)
#   Decrease number of Java threads
#   Decrease Java thread stack sizes (-Xss)
#   Set larger code cache with -XX:ReservedCodeCacheSize=
#   JVM is running with Unscaled Compressed Oops mode in which the Java heap is
#     placed in the first 4GB address space. The Java Heap base address is the
#     maximum limit for the native heap growth. Please use -XX:HeapBaseMinAddress
#     to set the Java Heap base and to place the Java Heap above 4GB virtual address.
# This output file may be truncated or incomplete.
#
#  Out of Memory Error (arena.cpp:168), pid=30192, tid=29924
#
# JRE version: OpenJDK Runtime Environment Temurin-21.0.8+9 (21.0.8+9) (build 21.0.8+9-LTS)
# Java VM: OpenJDK 64-Bit Server VM Temurin-21.0.8+9 (21.0.8+9-LTS, mixed mode, sharing, tiered, compressed oops, compressed class ptrs, parallel gc, windows-amd64)
# No core dump will be written. Minidumps are not enabled by default on client versions of Windows
#

---------------  S U M M A R Y ------------

Command Line: --add-modules=ALL-SYSTEM --add-opens=java.base/java.util=ALL-UNNAMED --add-opens=java.base/java.lang=ALL-UNNAMED --add-opens=java.base/sun.nio.fs=ALL-UNNAMED -Declipse.application=org.eclipse.jdt.ls.core.id1 -Dosgi.bundles.defaultStartLevel=4 -Declipse.product=org.eclipse.jdt.ls.core.product -Djava.import.generatesMetadataFilesAtProjectRoot=false -DDetectVMInstallationsJob.disabled=true -Dfile.encoding=utf8 -XX:+UseParallelGC -XX:GCTimeRatio=4 -XX:AdaptiveSizePolicyWeight=90 -Dsun.zip.disableMemoryMapping=true -Xmx2G -Xms100m -Xlog:disable -javaagent:c:\Users\ASUS\.vscode\extensions\redhat.java-1.47.0-win32-x64\lombok\lombok-1.18.39-4050.jar c:\Users\ASUS\.vscode\extensions\redhat.java-1.47.0-win32-x64\server\plugins\org.eclipse.equinox.launcher_1.7.100.v20251014-1222.jar -configuration c:\Users\ASUS\AppData\Roaming\Code\User\globalStorage\redhat.java\1.47.0\config_ss_win -data c:\Users\ASUS\AppData\Roaming\Code\User\workspaceStorage\dc395028d639d9424349796f219a627b\redhat.java\ss_ws --pipe=\\.\pipe\lsp-9c08a41e2b93f60ca34315083990f337-sock

Host: 12th Gen Intel(R) Core(TM) i7-12700H, 20 cores, 7G,  Windows 11 , 64 bit Build 26100 (10.0.26100.7019)
Time: Tue Nov 11 18:54:42 2025 SE Asia Standard Time elapsed time: 2.063974 seconds (0d 0h 0m 2s)

---------------  T H R E A D  ---------------

Current thread (0x000002b241cabc70):  JavaThread "C2 CompilerThread0" daemon [_thread_in_native, id=29924, stack(0x000000f9d2100000,0x000000f9d2200000) (1024K)]


Current CompileTask:
C2:2064 2013       4       java.io.DataInputStream::readFully (59 bytes)

Stack: [0x000000f9d2100000,0x000000f9d2200000]
Native frames: (J=compiled Java code, j=interpreted, Vv=VM code, C=native code)
V  [jvm.dll+0x6d2449]
V  [jvm.dll+0x8ae341]
V  [jvm.dll+0x8b08be]
V  [jvm.dll+0x8b0fa3]
V  [jvm.dll+0x280c96]
V  [jvm.dll+0xc581d]
V  [jvm.dll+0xc5d53]
V  [jvm.dll+0x2f539d]
V  [jvm.dll+0x5fa00a]
V  [jvm.dll+0x252092]
V  [jvm.dll+0x24a56e]
V  [jvm.dll+0x2483a4]
V  [jvm.dll+0x1c89ee]
V  [jvm.dll+0x257d4d]
V  [jvm.dll+0x2562ea]
V  [jvm.dll+0x3f2d16]
V  [jvm.dll+0x857e6b]
V  [jvm.dll+0x6d0b0d]
C  [ucrtbase.dll+0x37b0]
C  [KERNEL32.DLL+0x2e8d7]
C  [ntdll.dll+0x8c53c]


---------------  P R O C E S S  ---------------

Threads class SMR info:
_java_thread_list=0x000002b248959690, length=19, elements={
0x000002b269086890, 0x000002b26900b410, 0x000002b26900d230, 0x000002b26910c0a0,
0x000002b26910e170, 0x000002b26910dae0, 0x000002b26910acf0, 0x000002b241cabc70,
0x000002b241cba7e0, 0x000002b241d3f7a0, 0x000002b241d3fe40, 0x000002b26910c730,
0x000002b26910ba10, 0x000002b26910cdc0, 0x000002b26910d450, 0x000002b26910b380,
0x000002b2488294d0, 0x000002b2488384f0, 0x000002b24835fac0
}

Java Threads: ( => current thread )
  0x000002b269086890 JavaThread "main"                              [_thread_blocked, id=29960, stack(0x000000f9d1700000,0x000000f9d1800000) (1024K)]
  0x000002b26900b410 JavaThread "Reference Handler"          daemon [_thread_blocked, id=30176, stack(0x000000f9d1b00000,0x000000f9d1c00000) (1024K)]
  0x000002b26900d230 JavaThread "Finalizer"                  daemon [_thread_blocked, id=30104, stack(0x000000f9d1c00000,0x000000f9d1d00000) (1024K)]
  0x000002b26910c0a0 JavaThread "Signal Dispatcher"          daemon [_thread_blocked, id=16232, stack(0x000000f9d1d00000,0x000000f9d1e00000) (1024K)]
  0x000002b26910e170 JavaThread "Attach Listener"            daemon [_thread_blocked, id=30180, stack(0x000000f9d1e00000,0x000000f9d1f00000) (1024K)]
  0x000002b26910dae0 JavaThread "Service Thread"             daemon [_thread_blocked, id=15368, stack(0x000000f9d1f00000,0x000000f9d2000000) (1024K)]
  0x000002b26910acf0 JavaThread "Monitor Deflation Thread"   daemon [_thread_blocked, id=29912, stack(0x000000f9d2000000,0x000000f9d2100000) (1024K)]
=>0x000002b241cabc70 JavaThread "C2 CompilerThread0"         daemon [_thread_in_native, id=29924, stack(0x000000f9d2100000,0x000000f9d2200000) (1024K)]
  0x000002b241cba7e0 JavaThread "C1 CompilerThread0"         daemon [_thread_blocked, id=29816, stack(0x000000f9d2200000,0x000000f9d2300000) (1024K)]
  0x000002b241d3f7a0 JavaThread "C1 CompilerThread1"         daemon [_thread_blocked, id=29780, stack(0x000000f9d2300000,0x000000f9d2400000) (1024K)]
  0x000002b241d3fe40 JavaThread "C1 CompilerThread2"         daemon [_thread_blocked, id=29868, stack(0x000000f9d2400000,0x000000f9d2500000) (1024K)]
  0x000002b26910c730 JavaThread "Common-Cleaner"             daemon [_thread_blocked, id=29800, stack(0x000000f9d2500000,0x000000f9d2600000) (1024K)]
  0x000002b26910ba10 JavaThread "Notification Thread"        daemon [_thread_blocked, id=30112, stack(0x000000f9d2600000,0x000000f9d2700000) (1024K)]
  0x000002b26910cdc0 JavaThread "Active Thread: Equinox Container: 6116347b-7a46-4a19-b99a-3016e23127a0"        [_thread_blocked, id=25624, stack(0x000000f9d2f00000,0x000000f9d3000000) (1024K)]
  0x000002b26910d450 JavaThread "Framework Event Dispatcher: Equinox Container: 6116347b-7a46-4a19-b99a-3016e23127a0" daemon [_thread_blocked, id=30108, stack(0x000000f9d3000000,0x000000f9d3100000) (1024K)]
  0x000002b26910b380 JavaThread "Start Level: Equinox Container: 6116347b-7a46-4a19-b99a-3016e23127a0" daemon [_thread_in_vm, id=30456, stack(0x000000f9d3100000,0x000000f9d3200000) (1024K)]
  0x000002b2488294d0 JavaThread "SCR Component Actor"        daemon [_thread_blocked, id=30536, stack(0x000000f9d2700000,0x000000f9d2800000) (1024K)]
  0x000002b2488384f0 JavaThread "C2 CompilerThread1"         daemon [_thread_in_native, id=29900, stack(0x000000f9d2e00000,0x000000f9d2f00000) (1024K)]
  0x000002b24835fac0 JavaThread "C2 CompilerThread2"         daemon [_thread_in_native, id=30368, stack(0x000000f9d3300000,0x000000f9d3400000) (1024K)]
Total: 19

Other Threads:
  0x000002b241ca7c30 VMThread "VM Thread"                           [id=29544, stack(0x000000f9d1a00000,0x000000f9d1b00000) (1024K)] _threads_hazard_ptr=0x000002b248959690
  0x000002b268eeca00 WatcherThread "VM Periodic Task Thread"        [id=30100, stack(0x000000f9d1900000,0x000000f9d1a00000) (1024K)]
  0x000002b2690a4c70 WorkerThread "GC Thread#0"                     [id=30120, stack(0x000000f9d1800000,0x000000f9d1900000) (1024K)]
  0x000002b2481ec080 WorkerThread "GC Thread#1"                     [id=30232, stack(0x000000f9d2800000,0x000000f9d2900000) (1024K)]
  0x000002b2486bd4b0 WorkerThread "GC Thread#2"                     [id=30628, stack(0x000000f9d2900000,0x000000f9d2a00000) (1024K)]
  0x000002b2481ec420 WorkerThread "GC Thread#3"                     [id=30660, stack(0x000000f9d2a00000,0x000000f9d2b00000) (1024K)]
  0x000002b2481ec7c0 WorkerThread "GC Thread#4"                     [id=30044, stack(0x000000f9d2b00000,0x000000f9d2c00000) (1024K)]
  0x000002b24845fee0 WorkerThread "GC Thread#5"                     [id=29828, stack(0x000000f9d2c00000,0x000000f9d2d00000) (1024K)]
  0x000002b248460280 WorkerThread "GC Thread#6"                     [id=30692, stack(0x000000f9d2d00000,0x000000f9d2e00000) (1024K)]
  0x000002b248975c00 WorkerThread "GC Thread#7"                     [id=28440, stack(0x000000f9d3200000,0x000000f9d3300000) (1024K)]
Total: 10

Threads with active compile tasks:
C2 CompilerThread0  3789 2013       4       java.io.DataInputStream::readFully (59 bytes)
C2 CompilerThread1  3789 2017 %     4       java.io.DataInputStream::readUTF @ 92 (501 bytes)
C2 CompilerThread2  3789 2012   !   4       java.io.BufferedInputStream::read (69 bytes)
Total: 3

VM state: synchronizing (normal execution)

VM Mutex/Monitor currently owned by a thread:  ([mutex/lock_event])
[0x00007ffef4b63458] Metaspace_lock - owner thread: 0x000002b26910b380
[0x00007ffef4b65458] Threads_lock - owner thread: 0x000002b241ca7c30

Heap address: 0x0000000080000000, size: 2048 MB, Compressed Oops mode: 32-bit

CDS archive(s) mapped at: [0x000002b200000000-0x000002b200ba0000-0x000002b200ba0000), size 12189696, SharedBaseAddress: 0x000002b200000000, ArchiveRelocationMode: 1.
Compressed class space mapped at: 0x000002b201000000-0x000002b241000000, reserved size: 1073741824
Narrow klass base: 0x000002b200000000, Narrow klass shift: 0, Narrow klass range: 0x100000000

GC Precious Log:
 CardTable entry size: 512
 CPUs: 20 total, 20 available
 Memory: 7819M
 Large Page Support: Disabled
 NUMA Support: Disabled
 Compressed Oops: Enabled (32-bit)
 Alignments: Space 512K, Generation 512K, Heap 2M
 Heap Min Capacity: 100M
 Heap Initial Capacity: 100M
 Heap Max Capacity: 2G
 Pre-touch: Disabled
 Parallel Workers: 15

Heap:
 PSYoungGen      total 29696K, used 18425K [0x00000000d5580000, 0x00000000d7680000, 0x0000000100000000)
  eden space 25600K, 56% used [0x00000000d5580000,0x00000000d63862e0,0x00000000d6e80000)
  from space 4096K, 99% used [0x00000000d7280000,0x00000000d7678278,0x00000000d7680000)
  to   space 4096K, 0% used [0x00000000d6e80000,0x00000000d6e80000,0x00000000d7280000)
 ParOldGen       total 68608K, used 968K [0x0000000080000000, 0x0000000084300000, 0x00000000d5580000)
  object space 68608K, 1% used [0x0000000080000000,0x00000000800f23e8,0x0000000084300000)
 Metaspace       used 10789K, committed 11200K, reserved 1114112K
  class space    used 1160K, committed 1344K, reserved 1048576K

Card table byte_map: [0x000002b268a00000,0x000002b268e10000] _byte_map_base: 0x000002b268600000

Marking Bits: (ParMarkBitMap*) 0x00007ffef4b6a340
 Begin Bits: [0x000002b27b500000, 0x000002b27d500000)
 End Bits:   [0x000002b27d500000, 0x000002b27f500000)

Polling page: 0x000002b266c20000

Metaspace:

Usage:
  Non-class:      9.40 MB used.
      Class:      1.13 MB used.
       Both:     10.54 MB used.

Virtual space:
  Non-class space:       64.00 MB reserved,       9.62 MB ( 15%) committed,  1 nodes.
      Class space:        1.00 GB reserved,       1.31 MB ( <1%) committed,  1 nodes.
             Both:        1.06 GB reserved,      10.94 MB (  1%) committed. 

Chunk freelists:
   Non-Class:  5.98 MB
       Class:  14.68 MB
        Both:  20.67 MB

MaxMetaspaceSize: unlimited
CompressedClassSpaceSize: 1.00 GB
Initial GC threshold: 21.00 MB
Current GC threshold: 21.00 MB
CDS: on
 - commit_granule_bytes: 65536.
 - commit_granule_words: 8192.
 - virtual_space_node_default_size: 8388608.
 - enlarge_chunks_in_place: 1.
 - use_allocation_guard: 0.


Internal statistics:

num_allocs_failed_limit: 0.
num_arena_births: 252.
num_arena_deaths: 0.
num_vsnodes_births: 2.
num_vsnodes_deaths: 0.
num_space_committed: 175.
num_space_uncommitted: 0.
num_chunks_returned_to_freelist: 0.
num_chunks_taken_from_freelist: 564.
num_chunk_merges: 0.
num_chunk_splits: 361.
num_chunks_enlarged: 238.
num_inconsistent_stats: 0.

CodeHeap 'non-profiled nmethods': size=119168Kb used=804Kb max_used=804Kb free=118363Kb
 bounds [0x000002b273df0000, 0x000002b274060000, 0x000002b27b250000]
CodeHeap 'profiled nmethods': size=119104Kb used=3792Kb max_used=3792Kb free=115312Kb
 bounds [0x000002b26c250000, 0x000002b26c610000, 0x000002b2736a0000]
CodeHeap 'non-nmethods': size=7488Kb used=2351Kb max_used=2372Kb free=5136Kb
 bounds [0x000002b2736a0000, 0x000002b273910000, 0x000002b273df0000]
CodeCache: size=245760Kb, used=6947Kb, max_used=6968Kb, free=238811Kb
 total_blobs=2522, nmethods=2028, adapters=398, full_count=0
Compilation: enabled, stopped_count=0, restarted_count=0

Compilation events (20 events):
Event: 2.028 Thread 0x000002b241cba7e0 nmethod 1999 0x000002b26c5f0f10 code [0x000002b26c5f10c0, 0x000002b26c5f1210]
Event: 2.043 Thread 0x000002b241d3fe40 2000       3       java.io.DataInputStream::readLong (20 bytes)
Event: 2.043 Thread 0x000002b241d3f7a0 2001       3       jdk.internal.util.ByteArray::getLong (9 bytes)
Event: 2.043 Thread 0x000002b241cba7e0 2002       3       java.lang.invoke.VarHandleGuards::guard_LI_J (78 bytes)
Event: 2.044 Thread 0x000002b241d3fe40 nmethod 2000 0x000002b26c5f1310 code [0x000002b26c5f1520, 0x000002b26c5f1b30]
Event: 2.044 Thread 0x000002b241d3fe40 2005       3       jdk.internal.misc.Unsafe::getLongUnaligned (12 bytes)
Event: 2.044 Thread 0x000002b241d3f7a0 nmethod 2001 0x000002b26c5f1e10 code [0x000002b26c5f2000, 0x000002b26c5f2530]
Event: 2.044 Thread 0x000002b241d3fe40 nmethod 2005 0x000002b26c5f2790 code [0x000002b26c5f2940, 0x000002b26c5f2b20]
Event: 2.044 Thread 0x000002b241d3f7a0 2003       3       java.lang.invoke.VarHandleByteArrayAsLongs$ArrayHandle::get (36 bytes)
Event: 2.044 Thread 0x000002b241d3fe40 2004       3       java.lang.invoke.VarHandleByteArrayAsLongs$ArrayHandle::index (13 bytes)
Event: 2.044 Thread 0x000002b241d3fe40 nmethod 2004 0x000002b26c5f2c10 code [0x000002b26c5f2dc0, 0x000002b26c5f2f08]
Event: 2.044 Thread 0x000002b241cba7e0 nmethod 2002 0x000002b26c5f3010 code [0x000002b26c5f3340, 0x000002b26c5f4b10]
Event: 2.044 Thread 0x000002b241d3f7a0 nmethod 2003 0x000002b26c5f5210 code [0x000002b26c5f53e0, 0x000002b26c5f57b8]
Event: 2.044 Thread 0x000002b241cabc70 2007   !   4       java.lang.ref.NativeReferenceQueue::poll (28 bytes)
Event: 2.045 Thread 0x000002b241d3f7a0 2009       3       java.lang.invoke.InnerClassLambdaMetafactory::getOpcodeOffset (38 bytes)
Event: 2.045 Thread 0x000002b241d3f7a0 nmethod 2009 0x000002b26c5f5990 code [0x000002b26c5f5b60, 0x000002b26c5f5e18]
Event: 2.046 Thread 0x000002b241cabc70 nmethod 2007 0x000002b273eb4e90 code [0x000002b273eb5020, 0x000002b273eb5310]
Event: 2.046 Thread 0x000002b241d3f7a0 2010       3       sun.invoke.util.Wrapper::isDoubleWord (15 bytes)
Event: 2.046 Thread 0x000002b241d3f7a0 nmethod 2010 0x000002b26c5f5f10 code [0x000002b26c5f60a0, 0x000002b26c5f6208]
Event: 2.054 Thread 0x000002b241cabc70 2013       4       java.io.DataInputStream::readFully (59 bytes)

GC Heap History (4 events):
Event: 1.024 GC heap before
{Heap before GC invocations=1 (full 0):
 PSYoungGen      total 29696K, used 25600K [0x00000000d5580000, 0x00000000d7680000, 0x0000000100000000)
  eden space 25600K, 100% used [0x00000000d5580000,0x00000000d6e80000,0x00000000d6e80000)
  from space 4096K, 0% used [0x00000000d7280000,0x00000000d7280000,0x00000000d7680000)
  to   space 4096K, 0% used [0x00000000d6e80000,0x00000000d6e80000,0x00000000d7280000)
 ParOldGen       total 68608K, used 0K [0x0000000080000000, 0x0000000084300000, 0x00000000d5580000)
  object space 68608K, 0% used [0x0000000080000000,0x0000000080000000,0x0000000084300000)
 Metaspace       used 4202K, committed 4480K, reserved 1114112K
  class space    used 463K, committed 576K, reserved 1048576K
}
Event: 1.034 GC heap after
{Heap after GC invocations=1 (full 0):
 PSYoungGen      total 29696K, used 3899K [0x00000000d5580000, 0x00000000d7680000, 0x0000000100000000)
  eden space 25600K, 0% used [0x00000000d5580000,0x00000000d5580000,0x00000000d6e80000)
  from space 4096K, 95% used [0x00000000d6e80000,0x00000000d724efd8,0x00000000d7280000)
  to   space 4096K, 0% used [0x00000000d7280000,0x00000000d7280000,0x00000000d7680000)
 ParOldGen       total 68608K, used 16K [0x0000000080000000, 0x0000000084300000, 0x00000000d5580000)
  object space 68608K, 0% used [0x0000000080000000,0x0000000080004000,0x0000000084300000)
 Metaspace       used 4202K, committed 4480K, reserved 1114112K
  class space    used 463K, committed 576K, reserved 1048576K
}
Event: 1.801 GC heap before
{Heap before GC invocations=2 (full 0):
 PSYoungGen      total 29696K, used 29499K [0x00000000d5580000, 0x00000000d7680000, 0x0000000100000000)
  eden space 25600K, 100% used [0x00000000d5580000,0x00000000d6e80000,0x00000000d6e80000)
  from space 4096K, 95% used [0x00000000d6e80000,0x00000000d724efd8,0x00000000d7280000)
  to   space 4096K, 0% used [0x00000000d7280000,0x00000000d7280000,0x00000000d7680000)
 ParOldGen       total 68608K, used 16K [0x0000000080000000, 0x0000000084300000, 0x00000000d5580000)
  object space 68608K, 0% used [0x0000000080000000,0x0000000080004000,0x0000000084300000)
 Metaspace       used 8037K, committed 8320K, reserved 1114112K
  class space    used 848K, committed 960K, reserved 1048576K
}
Event: 1.806 GC heap after
{Heap after GC invocations=2 (full 0):
 PSYoungGen      total 29696K, used 4064K [0x00000000d5580000, 0x00000000d7680000, 0x0000000100000000)
  eden space 25600K, 0% used [0x00000000d5580000,0x00000000d5580000,0x00000000d6e80000)
  from space 4096K, 99% used [0x00000000d7280000,0x00000000d7678278,0x00000000d7680000)
  to   space 4096K, 0% used [0x00000000d6e80000,0x00000000d6e80000,0x00000000d7280000)
 ParOldGen       total 68608K, used 968K [0x0000000080000000, 0x0000000084300000, 0x00000000d5580000)
  object space 68608K, 1% used [0x0000000080000000,0x00000000800f23e8,0x0000000084300000)
 Metaspace       used 8037K, committed 8320K, reserved 1114112K
  class space    used 848K, committed 960K, reserved 1048576K
}

Dll operation events (9 events):
Event: 0.077 Loaded shared library c:\Users\ASUS\.vscode\extensions\redhat.java-1.47.0-win32-x64\jre\21.0.8-win32-x86_64\bin\java.dll
Event: 0.169 Loaded shared library c:\Users\ASUS\.vscode\extensions\redhat.java-1.47.0-win32-x64\jre\21.0.8-win32-x86_64\bin\zip.dll
Event: 0.228 Loaded shared library C:\Users\ASUS\.vscode\extensions\redhat.java-1.47.0-win32-x64\jre\21.0.8-win32-x86_64\bin\instrument.dll
Event: 0.238 Loaded shared library C:\Users\ASUS\.vscode\extensions\redhat.java-1.47.0-win32-x64\jre\21.0.8-win32-x86_64\bin\net.dll
Event: 0.246 Loaded shared library C:\Users\ASUS\.vscode\extensions\redhat.java-1.47.0-win32-x64\jre\21.0.8-win32-x86_64\bin\nio.dll
Event: 0.248 Loaded shared library C:\Users\ASUS\.vscode\extensions\redhat.java-1.47.0-win32-x64\jre\21.0.8-win32-x86_64\bin\zip.dll
Event: 0.271 Loaded shared library C:\Users\ASUS\.vscode\extensions\redhat.java-1.47.0-win32-x64\jre\21.0.8-win32-x86_64\bin\jimage.dll
Event: 0.363 Loaded shared library c:\Users\ASUS\.vscode\extensions\redhat.java-1.47.0-win32-x64\jre\21.0.8-win32-x86_64\bin\verify.dll
Event: 1.804 Loaded shared library C:\Users\ASUS\AppData\Roaming\Code\User\globalStorage\redhat.java\1.47.0\config_ss_win\org.eclipse.equinox.launcher\org.eclipse.equinox.launcher.win32.win32.x86_64_1.2.1400.v20250801-0854\eclipse_11916.dll

Deoptimization events (20 events):
Event: 1.537 Thread 0x000002b269086890 DEOPT PACKING pc=0x000002b26c3e6588 sp=0x000000f9d17fc670
Event: 1.537 Thread 0x000002b269086890 DEOPT UNPACKING pc=0x000002b2736f4242 sp=0x000000f9d17fbaf0 mode 0
Event: 1.538 Thread 0x000002b269086890 DEOPT PACKING pc=0x000002b26c3e6588 sp=0x000000f9d17fc970
Event: 1.538 Thread 0x000002b269086890 DEOPT UNPACKING pc=0x000002b2736f4242 sp=0x000000f9d17fbdf0 mode 0
Event: 1.813 Thread 0x000002b26910b380 Uncommon trap: trap_request=0xffffff6e fr.pc=0x000002b273e637a8 relative=0x0000000000000368
Event: 1.813 Thread 0x000002b26910b380 Uncommon trap: reason=loop_limit_check action=maybe_recompile pc=0x000002b273e637a8 method=java.lang.StringLatin1.indexOf([BI[BII)I @ 37 c2
Event: 1.813 Thread 0x000002b26910b380 DEOPT PACKING pc=0x000002b273e637a8 sp=0x000000f9d31f8e90
Event: 1.813 Thread 0x000002b26910b380 DEOPT UNPACKING pc=0x000002b2736f3aa2 sp=0x000000f9d31f8df0 mode 2
Event: 1.985 Thread 0x000002b26910b380 Uncommon trap: trap_request=0xffffff45 fr.pc=0x000002b273e95620 relative=0x00000000000009c0
Event: 1.985 Thread 0x000002b26910b380 Uncommon trap: reason=unstable_if action=reinterpret pc=0x000002b273e95620 method=java.util.concurrent.ConcurrentHashMap.putVal(Ljava/lang/Object;Ljava/lang/Object;Z)Ljava/lang/Object; @ 148 c2
Event: 1.985 Thread 0x000002b26910b380 DEOPT PACKING pc=0x000002b273e95620 sp=0x000000f9d31f8cd0
Event: 1.985 Thread 0x000002b26910b380 DEOPT UNPACKING pc=0x000002b2736f3aa2 sp=0x000000f9d31f8c40 mode 2
Event: 1.991 Thread 0x000002b26910b380 Uncommon trap: trap_request=0xffffff45 fr.pc=0x000002b273eaa238 relative=0x00000000000014b8
Event: 1.991 Thread 0x000002b26910b380 Uncommon trap: reason=unstable_if action=reinterpret pc=0x000002b273eaa238 method=java.io.WinNTFileSystem.normalize(Ljava/lang/String;II)Ljava/lang/String; @ 100 c2
Event: 1.991 Thread 0x000002b26910b380 DEOPT PACKING pc=0x000002b273eaa238 sp=0x000000f9d31f9120
Event: 1.991 Thread 0x000002b26910b380 DEOPT UNPACKING pc=0x000002b2736f3aa2 sp=0x000000f9d31f9060 mode 2
Event: 2.026 Thread 0x000002b26910b380 Uncommon trap: trap_request=0xffffff45 fr.pc=0x000002b273e6cfb4 relative=0x0000000000000094
Event: 2.026 Thread 0x000002b26910b380 Uncommon trap: reason=unstable_if action=reinterpret pc=0x000002b273e6cfb4 method=java.io.BufferedInputStream.getBufIfOpen(Z)[B @ 13 c2
Event: 2.026 Thread 0x000002b26910b380 DEOPT PACKING pc=0x000002b273e6cfb4 sp=0x000000f9d31f8a00
Event: 2.026 Thread 0x000002b26910b380 DEOPT UNPACKING pc=0x000002b2736f3aa2 sp=0x000000f9d31f8980 mode 2

Classes loaded (20 events):
Event: 2.013 Loading class java/lang/CloneNotSupportedException
Event: 2.013 Loading class java/lang/CloneNotSupportedException done
Event: 2.045 Loading class java/util/stream/ReferencePipeline$5
Event: 2.045 Loading class java/util/stream/LongPipeline$StatelessOp
Event: 2.045 Loading class java/util/stream/LongPipeline
Event: 2.046 Loading class java/util/stream/LongStream
Event: 2.046 Loading class java/util/stream/LongStream done
Event: 2.046 Loading class java/util/stream/LongPipeline done
Event: 2.046 Loading class java/util/stream/LongPipeline$StatelessOp done
Event: 2.046 Loading class java/util/stream/ReferencePipeline$5 done
Event: 2.046 Loading class java/util/function/LongBinaryOperator
Event: 2.046 Loading class java/util/function/LongBinaryOperator done
Event: 2.046 Loading class java/util/stream/ReduceOps$10
Event: 2.046 Loading class java/util/stream/ReduceOps$10 done
Event: 2.047 Loading class java/util/stream/ReduceOps$8ReducingSink
Event: 2.047 Loading class java/util/stream/Sink$OfLong
Event: 2.047 Loading class java/util/stream/Sink$OfLong done
Event: 2.047 Loading class java/util/stream/ReduceOps$8ReducingSink done
Event: 2.047 Loading class java/util/stream/ReferencePipeline$5$1
Event: 2.047 Loading class java/util/stream/ReferencePipeline$5$1 done

Classes unloaded (0 events):
No events

Classes redefined (0 events):
No events

Internal exceptions (20 events):
Event: 1.069 Thread 0x000002b269086890 Exception <a 'java/lang/ClassNotFoundException'{0x00000000d573cbd0}: sun/net/www/protocol/c/Handler> (0x00000000d573cbd0) 
thrown [s\src\hotspot\share\classfile\systemDictionary.cpp, line 312]
Event: 1.078 Thread 0x000002b269086890 Exception <a 'java/io/FileNotFoundException'{0x00000000d5761620}> (0x00000000d5761620) 
thrown [s\src\hotspot\share\prims\jni.cpp, line 520]
Event: 1.119 Thread 0x000002b269086890 Implicit null exception at 0x000002b273e4cfc9 to 0x000002b273e4d934
Event: 1.119 Thread 0x000002b269086890 Implicit null exception at 0x000002b273e5a89a to 0x000002b273e5aaa4
Event: 1.120 Thread 0x000002b269086890 Exception <a 'java/lang/NoSuchMethodError'{0x00000000d5890568}: 'void java.lang.invoke.DirectMethodHandle$Holder.invokeStatic(java.lang.Object, java.lang.Object, java.lang.Object, java.lang.Object)'> (0x00000000d5890568) 
thrown [s\src\hotspot\share\interpreter\linkResolver.cpp, line 773]
Event: 1.121 Thread 0x000002b269086890 Implicit null exception at 0x000002b273e4eb9a to 0x000002b273e4eda4
Event: 1.121 Thread 0x000002b269086890 Implicit null exception at 0x000002b273e4f23d to 0x000002b273e4f2c1
Event: 1.202 Thread 0x000002b269086890 Exception <a 'java/lang/NoSuchMethodError'{0x00000000d5b46228}: 'void java.lang.invoke.DirectMethodHandle$Holder.invokeSpecial(java.lang.Object, java.lang.Object, java.lang.Object)'> (0x00000000d5b46228) 
thrown [s\src\hotspot\share\interpreter\linkResolver.cpp, line 773]
Event: 1.395 Thread 0x000002b269086890 Exception <a 'java/lang/NoSuchMethodError'{0x00000000d63f49e0}: 'int java.lang.invoke.DirectMethodHandle$Holder.invokeVirtual(java.lang.Object, java.lang.Object)'> (0x00000000d63f49e0) 
thrown [s\src\hotspot\share\interpreter\linkResolver.cpp, line 773]
Event: 1.434 Thread 0x000002b269086890 Exception <a 'java/lang/NoSuchMethodError'{0x00000000d6568f88}: 'int java.lang.invoke.DirectMethodHandle$Holder.invokeStaticInit(java.lang.Object, java.lang.Object, java.lang.Object, java.lang.Object)'> (0x00000000d6568f88) 
thrown [s\src\hotspot\share\interpreter\linkResolver.cpp, line 773]
Event: 1.435 Thread 0x000002b269086890 Exception <a 'java/lang/IncompatibleClassChangeError'{0x00000000d6571410}: Found class java.lang.Object, but interface was expected> (0x00000000d6571410) 
thrown [s\src\hotspot\share\interpreter\linkResolver.cpp, line 840]
Event: 1.435 Thread 0x000002b269086890 Exception <a 'java/lang/NoSuchMethodError'{0x00000000d6577a00}: 'void java.lang.invoke.DirectMethodHandle$Holder.invokeStaticInit(java.lang.Object, java.lang.Object)'> (0x00000000d6577a00) 
thrown [s\src\hotspot\share\interpreter\linkResolver.cpp, line 773]
Event: 1.436 Thread 0x000002b269086890 Exception <a 'java/lang/NoSuchMethodError'{0x00000000d6580b68}: 'int java.lang.invoke.DirectMethodHandle$Holder.invokeStaticInit(java.lang.Object, java.lang.Object)'> (0x00000000d6580b68) 
thrown [s\src\hotspot\share\interpreter\linkResolver.cpp, line 773]
Event: 1.470 Thread 0x000002b269086890 Exception <a 'java/lang/NoSuchMethodError'{0x00000000d67e20e0}: 'java.lang.Object java.lang.invoke.DirectMethodHandle$Holder.newInvokeSpecial(java.lang.Object, int, java.lang.Object)'> (0x00000000d67e20e0) 
thrown [s\src\hotspot\share\interpreter\linkResolver.cpp, line 773]
Event: 1.514 Thread 0x000002b269086890 Exception <a 'java/lang/ClassNotFoundException'{0x00000000d69fbbd0}: sun/net/www/protocol/plurl/Handler> (0x00000000d69fbbd0) 
thrown [s\src\hotspot\share\classfile\systemDictionary.cpp, line 312]
Event: 1.514 Thread 0x000002b269086890 Exception <a 'java/lang/ClassNotFoundException'{0x00000000d69fca50}: sun/net/www/protocol/plurl/Handler> (0x00000000d69fca50) 
thrown [s\src\hotspot\share\classfile\systemDictionary.cpp, line 312]
Event: 1.795 Thread 0x000002b269086890 Exception <a 'java/lang/UnsatisfiedLinkError'{0x00000000d6e00940}: 'void org.eclipse.equinox.launcher.JNIBridge._update_splash()'> (0x00000000d6e00940) 
thrown [s\src\hotspot\share\prims\nativeLookup.cpp, line 415]
Event: 1.861 Thread 0x000002b26910b380 Exception <a 'java/lang/NullPointerException'{0x00000000d5939fd8}> (0x00000000d5939fd8) 
thrown [s\src\hotspot\share\interpreter\linkResolver.cpp, line 1372]
Event: 1.861 Thread 0x000002b26910b380 Exception <a 'java/lang/NullPointerException'{0x00000000d593a2b8}> (0x00000000d593a2b8) 
thrown [s\src\hotspot\share\interpreter\linkResolver.cpp, line 1372]
Event: 2.044 Thread 0x000002b26910b380 Exception <a 'java/lang/NoSuchMethodError'{0x00000000d6259e90}: 'long java.lang.invoke.DirectMethodHandle$Holder.invokeSpecial(java.lang.Object, java.lang.Object)'> (0x00000000d6259e90) 
thrown [s\src\hotspot\share\interpreter\linkResolver.cpp, line 773]

ZGC Phase Switch (0 events):
No events

VM Operations (20 events):
Event: 1.024 Executing VM operation: ParallelGCFailedAllocation (Allocation Failure)
Event: 1.034 Executing VM operation: ParallelGCFailedAllocation (Allocation Failure) done
Event: 1.044 Executing VM operation: HandshakeAllThreads (Deoptimize)
Event: 1.044 Executing VM operation: HandshakeAllThreads (Deoptimize) done
Event: 1.104 Executing VM operation: HandshakeAllThreads (Deoptimize)
Event: 1.104 Executing VM operation: HandshakeAllThreads (Deoptimize) done
Event: 1.453 Executing VM operation: HandshakeAllThreads (Deoptimize)
Event: 1.453 Executing VM operation: HandshakeAllThreads (Deoptimize) done
Event: 1.460 Executing VM operation: HandshakeAllThreads (Deoptimize)
Event: 1.460 Executing VM operation: HandshakeAllThreads (Deoptimize) done
Event: 1.500 Executing VM operation: HandshakeAllThreads (Deoptimize)
Event: 1.500 Executing VM operation: HandshakeAllThreads (Deoptimize) done
Event: 1.509 Executing VM operation: HandshakeAllThreads (Deoptimize)
Event: 1.509 Executing VM operation: HandshakeAllThreads (Deoptimize) done
Event: 1.785 Executing VM operation: ICBufferFull
Event: 1.785 Executing VM operation: ICBufferFull done
Event: 1.800 Executing VM operation: ParallelGCFailedAllocation (Allocation Failure)
Event: 1.806 Executing VM operation: ParallelGCFailedAllocation (Allocation Failure) done
Event: 1.961 Executing VM operation: HandshakeAllThreads (Deoptimize)
Event: 1.961 Executing VM operation: HandshakeAllThreads (Deoptimize) done

Memory protections (0 events):
No events

Nmethod flushes (0 events):
No events

Events (20 events):
Event: 0.179 Thread 0x000002b269086890 Thread added: 0x000002b26900b410
Event: 0.180 Thread 0x000002b269086890 Thread added: 0x000002b26900d230
Event: 0.181 Thread 0x000002b269086890 Thread added: 0x000002b26910c0a0
Event: 0.181 Thread 0x000002b269086890 Thread added: 0x000002b26910e170
Event: 0.181 Thread 0x000002b269086890 Thread added: 0x000002b26910dae0
Event: 0.181 Thread 0x000002b269086890 Thread added: 0x000002b26910acf0
Event: 0.181 Thread 0x000002b269086890 Thread added: 0x000002b241cabc70
Event: 0.181 Thread 0x000002b269086890 Thread added: 0x000002b241cba7e0
Event: 0.186 Thread 0x000002b241cba7e0 Thread added: 0x000002b241d3f7a0
Event: 0.186 Thread 0x000002b241cba7e0 Thread added: 0x000002b241d3fe40
Event: 0.198 Thread 0x000002b269086890 Thread added: 0x000002b26910c730
Event: 0.461 Thread 0x000002b269086890 Thread added: 0x000002b26910ba10
Event: 0.616 Thread 0x000002b241cba7e0 Thread added: 0x000002b24814d220
Event: 1.252 Thread 0x000002b24814d220 Thread added: 0x000002b2486b9e60
Event: 1.444 Thread 0x000002b269086890 Thread added: 0x000002b26910cdc0
Event: 1.791 Thread 0x000002b269086890 Thread added: 0x000002b26910d450
Event: 1.794 Thread 0x000002b269086890 Thread added: 0x000002b26910b380
Event: 1.889 Thread 0x000002b2486b9e60 Thread exited: 0x000002b2486b9e60
Event: 1.922 Thread 0x000002b24814d220 Thread exited: 0x000002b24814d220
Event: 1.951 Thread 0x000002b26910b380 Thread added: 0x000002b2488294d0


Dynamic libraries:
0x00007ff7dcb00000 - 0x00007ff7dcb0e000 	c:\Users\ASUS\.vscode\extensions\redhat.java-1.47.0-win32-x64\jre\21.0.8-win32-x86_64\bin\java.exe
0x00007fffc6620000 - 0x00007fffc6888000 	C:\WINDOWS\SYSTEM32\ntdll.dll
0x00007fffc5640000 - 0x00007fffc5709000 	C:\WINDOWS\System32\KERNEL32.DLL
0x00007fffc3820000 - 0x00007fffc3c18000 	C:\WINDOWS\System32\KERNELBASE.dll
0x00007fffc3d80000 - 0x00007fffc3ecb000 	C:\WINDOWS\System32\ucrtbase.dll
0x00007fff8c010000 - 0x00007fff8c028000 	c:\Users\ASUS\.vscode\extensions\redhat.java-1.47.0-win32-x64\jre\21.0.8-win32-x86_64\bin\jli.dll
0x00007fffc44a0000 - 0x00007fffc4667000 	C:\WINDOWS\System32\USER32.dll
0x00007fffc3c20000 - 0x00007fffc3c47000 	C:\WINDOWS\System32\win32u.dll
0x00007fffc4470000 - 0x00007fffc449b000 	C:\WINDOWS\System32\GDI32.dll
0x00007fffc3c50000 - 0x00007fffc3d7c000 	C:\WINDOWS\System32\gdi32full.dll
0x00007fffc3770000 - 0x00007fffc3813000 	C:\WINDOWS\System32\msvcp_win.dll
0x00007fff89a30000 - 0x00007fff89a4e000 	c:\Users\ASUS\.vscode\extensions\redhat.java-1.47.0-win32-x64\jre\21.0.8-win32-x86_64\bin\VCRUNTIME140.dll
0x00007fffc2b10000 - 0x00007fffc2da4000 	C:\WINDOWS\WinSxS\amd64_microsoft.windows.common-controls_6595b64144ccf1df_6.0.26100.7019_none_3e06ffa0e335b8a8\COMCTL32.dll
0x00007fffc5940000 - 0x00007fffc59e9000 	C:\WINDOWS\System32\msvcrt.dll
0x00007fffc6330000 - 0x00007fffc6361000 	C:\WINDOWS\System32\IMM32.DLL
0x00000000759a0000 - 0x00000000759ac000 	C:\Program Files (x86)\360\Total Security\safemon\SafeWrapper.dll
0x00007fffc46f0000 - 0x00007fffc47a4000 	C:\WINDOWS\System32\ADVAPI32.dll
0x00007fffc43c0000 - 0x00007fffc4466000 	C:\WINDOWS\System32\sechost.dll
0x00007fffc5170000 - 0x00007fffc5288000 	C:\WINDOWS\System32\RPCRT4.dll
0x00007fff46670000 - 0x00007fff4671c000 	C:\Program Files (x86)\360\Total Security\safemon\libzdtp64.dll
0x00007fffc5bc0000 - 0x00007fffc6311000 	C:\WINDOWS\System32\SHELL32.dll
0x00007fffc40e0000 - 0x00007fffc424b000 	C:\WINDOWS\System32\wintypes.dll
0x00007fffc4890000 - 0x00007fffc4c1b000 	C:\WINDOWS\System32\combase.dll
0x00007fffc4c20000 - 0x00007fffc4c87000 	C:\WINDOWS\System32\SHLWAPI.dll
0x00007fffc2e90000 - 0x00007fffc2e9b000 	C:\WINDOWS\SYSTEM32\VERSION.dll
0x00007fffb7000000 - 0x00007fffb700c000 	c:\Users\ASUS\.vscode\extensions\redhat.java-1.47.0-win32-x64\jre\21.0.8-win32-x86_64\bin\vcruntime140_1.dll
0x00007fff75bb0000 - 0x00007fff75c3d000 	c:\Users\ASUS\.vscode\extensions\redhat.java-1.47.0-win32-x64\jre\21.0.8-win32-x86_64\bin\msvcp140.dll
0x00007ffef3eb0000 - 0x00007ffef4c47000 	c:\Users\ASUS\.vscode\extensions\redhat.java-1.47.0-win32-x64\jre\21.0.8-win32-x86_64\bin\server\jvm.dll
0x00007fffc4670000 - 0x00007fffc46e4000 	C:\WINDOWS\System32\WS2_32.dll
0x00007fffc35d0000 - 0x00007fffc362e000 	C:\WINDOWS\SYSTEM32\POWRPROF.dll
0x00007fffb2600000 - 0x00007fffb2635000 	C:\WINDOWS\SYSTEM32\WINMM.dll
0x00007fffc35b0000 - 0x00007fffc35c4000 	C:\WINDOWS\SYSTEM32\UMPDC.dll
0x00007fffc1b90000 - 0x00007fffc1bab000 	C:\WINDOWS\SYSTEM32\kernel.appcore.dll
0x00007fffb2b70000 - 0x00007fffb2b7a000 	c:\Users\ASUS\.vscode\extensions\redhat.java-1.47.0-win32-x64\jre\21.0.8-win32-x86_64\bin\jimage.dll
0x00007fffc2f00000 - 0x00007fffc3142000 	C:\WINDOWS\SYSTEM32\DBGHELP.DLL
0x00007fffc47b0000 - 0x00007fffc4887000 	C:\WINDOWS\System32\OLEAUT32.dll
0x00007fffc2db0000 - 0x00007fffc2dec000 	C:\WINDOWS\SYSTEM32\dbgcore.DLL
0x00007fffc4250000 - 0x00007fffc42f5000 	C:\WINDOWS\System32\bcryptPrimitives.dll
0x00007fffb2710000 - 0x00007fffb271f000 	c:\Users\ASUS\.vscode\extensions\redhat.java-1.47.0-win32-x64\jre\21.0.8-win32-x86_64\bin\instrument.dll
0x00007fff76e60000 - 0x00007fff76e7f000 	c:\Users\ASUS\.vscode\extensions\redhat.java-1.47.0-win32-x64\jre\21.0.8-win32-x86_64\bin\java.dll
0x00007fffc08b0000 - 0x00007fffc110d000 	C:\WINDOWS\SYSTEM32\windows.storage.dll
0x00007fffc5800000 - 0x00007fffc58f2000 	C:\WINDOWS\System32\SHCORE.dll
0x00007fffc3690000 - 0x00007fffc36b9000 	C:\WINDOWS\SYSTEM32\profapi.dll
0x00007fff75b90000 - 0x00007fff75ba8000 	c:\Users\ASUS\.vscode\extensions\redhat.java-1.47.0-win32-x64\jre\21.0.8-win32-x86_64\bin\zip.dll
0x00007fffb2660000 - 0x00007fffb2670000 	C:\Users\ASUS\.vscode\extensions\redhat.java-1.47.0-win32-x64\jre\21.0.8-win32-x86_64\bin\net.dll
0x00007fffba0d0000 - 0x00007fffba1f8000 	C:\WINDOWS\SYSTEM32\WINHTTP.dll
0x00007fffc20c0000 - 0x00007fffc212b000 	C:\WINDOWS\system32\mswsock.dll
0x00007fff75b70000 - 0x00007fff75b86000 	C:\Users\ASUS\.vscode\extensions\redhat.java-1.47.0-win32-x64\jre\21.0.8-win32-x86_64\bin\nio.dll
0x00007fffb1f70000 - 0x00007fffb1f80000 	c:\Users\ASUS\.vscode\extensions\redhat.java-1.47.0-win32-x64\jre\21.0.8-win32-x86_64\bin\verify.dll
0x00007fff753d0000 - 0x00007fff75414000 	C:\Users\ASUS\AppData\Roaming\Code\User\globalStorage\redhat.java\1.47.0\config_ss_win\org.eclipse.equinox.launcher\org.eclipse.equinox.launcher.win32.win32.x86_64_1.2.1400.v20250801-0854\eclipse_11916.dll
0x00007fffc5a00000 - 0x00007fffc5b97000 	C:\WINDOWS\System32\ole32.dll

JVMTI agents:
c:\Users\ASUS\.vscode\extensions\redhat.java-1.47.0-win32-x64\lombok\lombok-1.18.39-4050.jar path:c:\Users\ASUS\.vscode\extensions\redhat.java-1.47.0-win32-x64\jre\21.0.8-win32-x86_64\bin\instrument.dll, loaded, initialized, instrumentlib options:none

dbghelp: loaded successfully - version: 4.0.5 - missing functions: none
symbol engine: initialized successfully - sym options: 0x614 - pdb path: .;c:\Users\ASUS\.vscode\extensions\redhat.java-1.47.0-win32-x64\jre\21.0.8-win32-x86_64\bin;C:\WINDOWS\SYSTEM32;C:\WINDOWS\WinSxS\amd64_microsoft.windows.common-controls_6595b64144ccf1df_6.0.26100.7019_none_3e06ffa0e335b8a8;C:\Program Files (x86)\360\Total Security\safemon;c:\Users\ASUS\.vscode\extensions\redhat.java-1.47.0-win32-x64\jre\21.0.8-win32-x86_64\bin\server;C:\Users\ASUS\AppData\Roaming\Code\User\globalStorage\redhat.java\1.47.0\config_ss_win\org.eclipse.equinox.launcher\org.eclipse.equinox.launcher.win32.win32.x86_64_1.2.1400.v20250801-0854

VM Arguments:
jvm_args: --add-modules=ALL-SYSTEM --add-opens=java.base/java.util=ALL-UNNAMED --add-opens=java.base/java.lang=ALL-UNNAMED --add-opens=java.base/sun.nio.fs=ALL-UNNAMED -Declipse.application=org.eclipse.jdt.ls.core.id1 -Dosgi.bundles.defaultStartLevel=4 -Declipse.product=org.eclipse.jdt.ls.core.product -Djava.import.generatesMetadataFilesAtProjectRoot=false -DDetectVMInstallationsJob.disabled=true -Dfile.encoding=utf8 -XX:+UseParallelGC -XX:GCTimeRatio=4 -XX:AdaptiveSizePolicyWeight=90 -Dsun.zip.disableMemoryMapping=true -Xmx2G -Xms100m -Xlog:disable -javaagent:c:\Users\ASUS\.vscode\extensions\redhat.java-1.47.0-win32-x64\lombok\lombok-1.18.39-4050.jar 
java_command: c:\Users\ASUS\.vscode\extensions\redhat.java-1.47.0-win32-x64\server\plugins\org.eclipse.equinox.launcher_1.7.100.v20251014-1222.jar -configuration c:\Users\ASUS\AppData\Roaming\Code\User\globalStorage\redhat.java\1.47.0\config_ss_win -data c:\Users\ASUS\AppData\Roaming\Code\User\workspaceStorage\dc395028d639d9424349796f219a627b\redhat.java\ss_ws --pipe=\\.\pipe\lsp-9c08a41e2b93f60ca34315083990f337-sock
java_class_path (initial): c:\Users\ASUS\.vscode\extensions\redhat.java-1.47.0-win32-x64\server\plugins\org.eclipse.equinox.launcher_1.7.100.v20251014-1222.jar
Launcher Type: SUN_STANDARD

[Global flags]
    uintx AdaptiveSizePolicyWeight                 = 90                                        {product} {command line}
     intx CICompilerCount                          = 12                                        {product} {ergonomic}
    uintx GCTimeRatio                              = 4                                         {product} {command line}
   size_t InitialHeapSize                          = 104857600                                 {product} {command line}
   size_t MaxHeapSize                              = 2147483648                                {product} {command line}
   size_t MaxNewSize                               = 715653120                                 {product} {ergonomic}
   size_t MinHeapDeltaBytes                        = 524288                                    {product} {ergonomic}
   size_t MinHeapSize                              = 104857600                                 {product} {command line}
   size_t NewSize                                  = 34603008                                  {product} {ergonomic}
    uintx NonNMethodCodeHeapSize                   = 7602480                                {pd product} {ergonomic}
    uintx NonProfiledCodeHeapSize                  = 122027880                              {pd product} {ergonomic}
   size_t OldSize                                  = 70254592                                  {product} {ergonomic}
    uintx ProfiledCodeHeapSize                     = 122027880                              {pd product} {ergonomic}
    uintx ReservedCodeCacheSize                    = 251658240                              {pd product} {ergonomic}
     bool SegmentedCodeCache                       = true                                      {product} {ergonomic}
   size_t SoftMaxHeapSize                          = 2147483648                             {manageable} {ergonomic}
     bool UseCompressedOops                        = true                           {product lp64_product} {ergonomic}
     bool UseLargePagesIndividualAllocation        = false                                  {pd product} {ergonomic}
     bool UseParallelGC                            = true                                      {product} {command line}

Logging:
Log output configuration:
 #0: stdout all=off uptime,level,tags foldmultilines=false
 #1: stderr all=off uptime,level,tags foldmultilines=false

Environment Variables:
PATH=C:\Program Files\Eclipse Adoptium\jdk-21.0.8.9-hotspot\bin;C:\Program Files (x86)\Common Files\Oracle\Java\javapath;C:\Windows\system32;C:\Windows;C:\Windows\System32\Wbem;C:\Windows\System32\WindowsPowerShell\v1.0\;C:\Windows\System32\OpenSSH\;C:\Program Files (x86)\NVIDIA Corporation\PhysX\Common;C:\Program Files\dotnet\;C:\Program Files\Microsoft SQL Server\150\Tools\Binn\;C:\Program Files\Microsoft SQL Server\Client SDK\ODBC\170\Tools\Binn\;D:\;C:\WINDOWS\system32;C:\WINDOWS;C:\WINDOWS\System32\Wbem;C:\WINDOWS\System32\WindowsPowerShell\v1.0\;C:\WINDOWS\System32\OpenSSH\;E:\Git\cmd;C:\Program Files\Docker\Docker\resources\bin;D:\Sumo\bin\;D:\Sumo\tools\;C:\Program Files\NVIDIA Corporation\NVIDIA App\NvDLISR;C:\Program Files\Cloudflare\Cloudflare WARP\;C:\Program Files\MySQL\MySQL Shell 8.0\bin\;C:\Users\ASUS\AppData\Local\Programs\Python\Python311\Scripts\;C:\Users\ASUS\AppData\Local\Programs\Python\Python311\;C:\Users\ASUS\AppData\Local\Microsoft\WindowsApps;C:\Users\ASUS\.dotnet\tools;C:\mingw64\bin;C:\Users\ASUS\AppData\Roaming\npm;C:\Users\ASUS\AppData\Local\Programs\Microsoft VS Code\bin;C:\xampp\php;D:\PyCharm 2025.2.4\bin
USERNAME=ASUS
OS=Windows_NT
PROCESSOR_IDENTIFIER=Intel64 Family 6 Model 154 Stepping 3, GenuineIntel
TMP=C:\Users\ASUS\AppData\Local\Temp
TEMP=C:\Users\ASUS\AppData\Local\Temp




Periodic native trim disabled

---------------  S Y S T E M  ---------------

OS:
 Windows 11 , 64 bit Build 26100 (10.0.26100.7019)
OS uptime: 0 days 9:43 hours
Hyper-V role detected

CPU: total 20 (initial active 20) (10 cores per cpu, 2 threads per core) family 6 model 154 stepping 3 microcode 0x434, cx8, cmov, fxsr, ht, mmx, 3dnowpref, sse, sse2, sse3, ssse3, sse4.1, sse4.2, popcnt, lzcnt, tsc, tscinvbit, avx, avx2, aes, erms, clmul, bmi1, bmi2, adx, sha, fma, vzeroupper, clflush, clflushopt, clwb, hv, serialize, rdtscp, rdpid, fsrm, f16c, cet_ibt, cet_ss
Processor Information for processor 0
  Max Mhz: 2300, Current Mhz: 2300, Mhz Limit: 2300
Processor Information for processor 1
  Max Mhz: 2300, Current Mhz: 1506, Mhz Limit: 2300
Processor Information for processor 2
  Max Mhz: 2300, Current Mhz: 2300, Mhz Limit: 2300
Processor Information for processor 3
  Max Mhz: 2300, Current Mhz: 1506, Mhz Limit: 2300
Processor Information for processor 4
  Max Mhz: 2300, Current Mhz: 2300, Mhz Limit: 2300
Processor Information for processor 5
  Max Mhz: 2300, Current Mhz: 1506, Mhz Limit: 2300
Processor Information for processor 6
  Max Mhz: 2300, Current Mhz: 1506, Mhz Limit: 2300
Processor Information for processor 7
  Max Mhz: 2300, Current Mhz: 2300, Mhz Limit: 2300
Processor Information for processor 8
  Max Mhz: 2300, Current Mhz: 2300, Mhz Limit: 2300
Processor Information for processor 9
  Max Mhz: 2300, Current Mhz: 1506, Mhz Limit: 2300
Processor Information for processor 10
  Max Mhz: 2300, Current Mhz: 1506, Mhz Limit: 2300
Processor Information for processor 11
  Max Mhz: 2300, Current Mhz: 2300, Mhz Limit: 2300
Processor Information for processor 12
  Max Mhz: 2300, Current Mhz: 1488, Mhz Limit: 2300
Processor Information for processor 13
  Max Mhz: 2300, Current Mhz: 1488, Mhz Limit: 2300
Processor Information for processor 14
  Max Mhz: 2300, Current Mhz: 1488, Mhz Limit: 2300
Processor Information for processor 15
  Max Mhz: 2300, Current Mhz: 1488, Mhz Limit: 2300
Processor Information for processor 16
  Max Mhz: 2300, Current Mhz: 1488, Mhz Limit: 2300
Processor Information for processor 17
  Max Mhz: 2300, Current Mhz: 1488, Mhz Limit: 2300
Processor Information for processor 18
  Max Mhz: 2300, Current Mhz: 2300, Mhz Limit: 2300
Processor Information for processor 19
  Max Mhz: 2300, Current Mhz: 1488, Mhz Limit: 2300

Memory: 4k page, system-wide physical 7819M (1230M free)
TotalPageFile size 19759M (AvailPageFile size 6M)
current process WorkingSet (physical memory assigned to process): 103M, peak: 103M
current process commit charge ("private bytes"): 269M, peak: 269M

vm_info: OpenJDK 64-Bit Server VM (21.0.8+9-LTS) for windows-amd64 JRE (21.0.8+9-LTS), built on 2025-07-15T00:00:00Z by "admin" with MS VC++ 17.7 (VS2022)

END.
